// Jest Snapshot v1, https://goo.gl/fbAQLP

exports[`UserFormComponent should match snapshot 1`] = `
<app-user-form
  form={[Function FormGroup]}
  formBuilder={[Function FormBuilder]}
  userChange={[Function EventEmitter]}
>
  <form
    class="ng-untouched ng-pristine ng-invalid"
    ng-reflect-form="[object Object]"
    novalidate=""
  >
    <input
      class="ng-untouched ng-pristine ng-invalid"
      formcontrolname="firstName"
      ng-reflect-name="firstName"
      placeholder="First Name"
      type="text"
    />
    <input
      class="ng-untouched ng-pristine ng-invalid"
      formcontrolname="lastName"
      ng-reflect-name="lastName"
      placeholder="Last Name"
      type="text"
    />
    <button>
      Save
    </button>
  </form>
</app-user-form>
`;
